python : 2025-12-14 19:22:03,940 [INFO] technic - [data_engine] Memory cache cleared
At line:1 char:1
+ python test_scanner_optimization_thorough.py 2>&1 | Tee-Object -FileP ...
+ ~~~~~~~~~~~~~~~~~~~~~~~~~~~~~~~~~~~~~~~~~~~~~~~~~
    + CategoryInfo          : NotSpecified: (2025-12-14 19:2...y cache cleared:String) [], RemoteException
    + FullyQualifiedErrorId : NativeCommandError
 
2025-12-14 19:22:03,941 [INFO] technic - [PROFILE] Using risk profile 'balanced': Balanced ΓÇô Mix of stability and growth
2025-12-14 19:22:03,941 [INFO] technic - Starting scan with config: ScanConfig(mode='fast', max_symbols=100, lookback_days=150, as_of_date=None, sectors=None, subindustries=None, 
industry_contains=None, min_tech_rating=0.0, account_size=10000.0, risk_pct=1.0, target_rr=2.0, trade_style='Short-term swing', strategy_profile_name=None, profile=None, 
options_mode='stock_plus_options', allow_shorts=False, only_tradeable=True)
2025-12-14 19:22:09,607 [INFO] technic - [data_engine] Polygon API fetch for SPY
2025-12-14 19:22:09,618 [INFO] technic - [REGIME] trend=SIDEWAYS vol=LOW_VOL state=4 label=SIDEWAYS_LOW_VOL
2025-12-14 19:22:09,978 [INFO] technic - [data_engine] Polygon API fetch for SPY
2025-12-14 19:22:10,352 [INFO] technic - [data_engine] Polygon API fetch for QQQ
2025-12-14 19:22:10,755 [INFO] technic - [data_engine] Polygon API fetch for SHY
2025-12-14 19:22:11,139 [INFO] technic - [data_engine] Polygon API fetch for TLT
2025-12-14 19:22:11,512 [INFO] technic - [data_engine] Polygon API fetch for IEF
2025-12-14 19:22:11,819 [INFO] technic - [data_engine] L2 cache hit for HYG (60 bars)
2025-12-14 19:22:12,108 [INFO] technic - [data_engine] L2 cache hit for LQD (60 bars)
2025-12-14 19:22:12,407 [INFO] technic - [data_engine] L2 cache hit for SPY (80 bars)
2025-12-14 19:22:12,737 [INFO] technic - [data_engine] L2 cache hit for VIXY (40 bars)
2025-12-14 19:22:12,742 [INFO] technic - [MACRO] {'macro_ndx_spx_level': 0.9000528045059846, 'macro_growth_vs_value_slope': 8.972395720271872e-05, 'macro_growth_vs_value_trending_up': True, 
'macro_ndx_spx_ret20': -0.00579966019033229, 'macro_curve_slope': 0.00018135680734243358, 'macro_curve_steepening': True, 'macro_curve_flattening': False, 'macro_curve_short_slope': 
-2.7539421193503793e-05, 'macro_curve_short_steepening': False, 'macro_curve_short_flattening': True, 'macro_credit_spread_level': 0.7313243169646909, 'macro_credit_spread_trend': 
0.008078594020530794, 'macro_credit_risk_on': True, 'macro_credit_risk_off': False, 'macro_equity_vol_ratio_20_60': 0.9656738579985741, 'macro_equity_high_vol': False, 'macro_equity_low_vol': False, 
'macro_equity_vol_level': 0.12164315184995268, 'macro_equity_vol_spike': False, 'macro_vixy_ret20': -0.15925058548009363}
2025-12-14 19:22:13,245 [INFO] technic - [UNIVERSE] loaded 5277 symbols from ticker_universe.csv.
2025-12-14 19:22:13,247 [INFO] technic - [SMART_FILTER] Focused on liquid sectors, removed 2629 symbols
2025-12-14 19:22:13,248 [INFO] technic - [SMART_FILTER] Reduced universe: 5277 \u2192 2648 symbols (49.8% reduction)
2025-12-14 19:22:13,251 [INFO] technic - [FILTER] 2648 symbols after universe filters (from 2648).
2025-12-14 19:22:13,252 [INFO] technic - [UNIVERSE] Scanning 100 symbols (max_symbols=100).
2025-12-14 19:22:13,252 [INFO] technic - [SCAN] Using lookback_days=90 for trade_style='Short-term swing'
2025-12-14 19:22:13,334 [INFO] technic - [data_engine] intraday fetch for TSM
2025-12-14 19:22:13,432 [INFO] technic - [data_engine] intraday fetch for SAN
2025-12-14 19:22:13,443 [INFO] technic - [data_engine] intraday fetch for ASML
2025-12-14 19:22:13,455 [INFO] technic - [data_engine] intraday fetch for XOM
2025-12-14 19:22:13,460 [INFO] technic - [data_engine] intraday fetch for MS
2025-12-14 19:22:13,478 [INFO] technic - [data_engine] intraday fetch for MA
2025-12-14 19:22:13,508 [INFO] technic - [data_engine] intraday fetch for HDB
2025-12-14 19:22:13,511 [INFO] technic - [data_engine] intraday fetch for TMO
2025-12-14 19:22:13,524 [INFO] technic - [data_engine] intraday fetch for V
2025-12-14 19:22:13,527 [INFO] technic - [data_engine] intraday fetch for MUFG
2025-12-14 19:22:13,549 [INFO] technic - [data_engine] intraday fetch for ACN
2025-12-14 19:22:13,552 [INFO] technic - [data_engine] intraday fetch for T
2025-12-14 19:22:13,549 [INFO] technic - [data_engine] intraday fetch for NFLX
2025-12-14 19:22:13,565 [INFO] technic - [data_engine] intraday fetch for RY
2025-12-14 19:22:13,577 [INFO] technic - [data_engine] intraday fetch for PDD
2025-12-14 19:22:13,583 [INFO] technic - [data_engine] intraday fetch for NVS
2025-12-14 19:22:13,585 [INFO] technic - [data_engine] intraday fetch for GS
2025-12-14 19:22:13,618 [INFO] technic - [data_engine] intraday fetch for CAT
2025-12-14 19:22:13,620 [INFO] technic - [data_engine] intraday fetch for CVX
2025-12-14 19:22:13,623 [INFO] technic - [data_engine] intraday fetch for BLK
2025-12-14 19:22:13,625 [INFO] technic - [data_engine] intraday fetch for BKNG
2025-12-14 19:22:13,630 [INFO] technic - [data_engine] intraday fetch for NVO
2025-12-14 19:22:13,632 [INFO] technic - [data_engine] intraday fetch for SAP
2025-12-14 19:22:13,648 [INFO] technic - [data_engine] intraday fetch for TMUS
2025-12-14 19:22:13,650 [INFO] technic - [data_engine] intraday fetch for RTX
2025-12-14 19:22:13,672 [INFO] technic - [data_engine] intraday fetch for HSBC
2025-12-14 19:22:13,676 [INFO] technic - [data_engine] intraday fetch for BABA
2025-12-14 19:22:13,682 [INFO] technic - [data_engine] intraday fetch for SHEL
2025-12-14 19:22:13,698 [INFO] technic - [data_engine] intraday fetch for LRCX
2025-12-14 19:22:13,730 [INFO] technic - [data_engine] intraday fetch for AZN
2025-12-14 19:22:13,744 [INFO] technic - [data_engine] intraday fetch for TM
2025-12-14 19:22:13,745 [INFO] technic - [data_engine] intraday fetch for SONY
2025-12-14 19:22:47,674 [INFO] technic - [data_engine] intraday fetch for KLAC
2025-12-14 19:22:47,683 [INFO] technic - [data_engine] intraday fetch for BA
2025-12-14 19:22:47,762 [INFO] technic - [data_engine] intraday fetch for TD
2025-12-14 19:22:48,050 [INFO] technic - [data_engine] intraday fetch for TTE
2025-12-14 19:22:48,115 [INFO] technic - [data_engine] intraday fetch for ARM
2025-12-14 19:22:48,299 [INFO] technic - [data_engine] intraday fetch for BHP
2025-12-14 19:22:48,379 [INFO] technic - [data_engine] intraday fetch for ETN
2025-12-14 19:22:48,483 [INFO] technic - [data_engine] intraday fetch for UBS
2025-12-14 19:22:48,494 [INFO] technic - [data_engine] intraday fetch for UNP
2025-12-14 19:22:48,520 [INFO] technic - [data_engine] intraday fetch for BBVA
2025-12-14 19:22:48,666 [INFO] technic - [data_engine] intraday fetch for DE
2025-12-14 19:22:48,872 [INFO] technic - [data_engine] intraday fetch for UL
2025-12-14 19:22:48,910 [INFO] technic - [data_engine] intraday fetch for SMFG
2025-12-14 19:22:48,917 [INFO] technic - [data_engine] intraday fetch for HON
2025-12-14 19:22:48,943 [INFO] technic - [data_engine] intraday fetch for RIO
2025-12-14 19:22:48,948 [INFO] technic - [data_engine] intraday fetch for BUD
2025-12-14 19:22:48,952 [INFO] technic - [data_engine] intraday fetch for HOOD
2025-12-14 19:22:49,059 [INFO] technic - [data_engine] intraday fetch for BTI
2025-12-14 19:22:49,140 [INFO] technic - [data_engine] intraday fetch for SPOT
2025-12-14 19:22:49,541 [INFO] technic - [data_engine] intraday fetch for SNY
2025-12-14 19:22:49,876 [INFO] technic - [data_engine] intraday fetch for LMT
2025-12-14 19:22:49,903 [INFO] technic - [data_engine] intraday fetch for MELI
2025-12-14 19:22:49,963 [INFO] technic - [data_engine] intraday fetch for COP
2025-12-14 19:22:50,328 [INFO] technic - [data_engine] intraday fetch for ENB
2025-12-14 19:22:50,360 [INFO] technic - [data_engine] intraday fetch for IBN
2025-12-14 19:22:50,666 [INFO] technic - [data_engine] intraday fetch for MCK
2025-12-14 19:22:50,712 [INFO] technic - [data_engine] intraday fetch for CME
2025-12-14 19:22:50,804 [INFO] technic - [data_engine] intraday fetch for GSK
2025-12-14 19:22:50,838 [INFO] technic - [data_engine] intraday fetch for DASH
2025-12-14 19:22:51,043 [INFO] technic - [data_engine] intraday fetch for CMCSA
2025-12-14 19:22:51,051 [INFO] technic - [data_engine] intraday fetch for BP
2025-12-14 19:22:51,122 [INFO] technic - [data_engine] intraday fetch for BN
2025-12-14 19:22:51,572 [INFO] technic - [data_engine] intraday fetch for ICE
2025-12-14 19:22:51,648 [INFO] technic - [data_engine] intraday fetch for GD
2025-12-14 19:22:51,832 [INFO] technic - [data_engine] intraday fetch for CRH
2025-12-14 19:22:51,991 [INFO] technic - [data_engine] intraday fetch for MFG
2025-12-14 19:22:51,992 [INFO] technic - [data_engine] intraday fetch for NTES
2025-12-14 19:22:52,433 [INFO] technic - [data_engine] intraday fetch for AEM
2025-12-14 19:22:52,457 [INFO] technic - [data_engine] intraday fetch for ITUB
2025-12-14 19:22:52,515 [INFO] technic - [data_engine] intraday fetch for WM
2025-12-14 19:22:52,547 [INFO] technic - [data_engine] intraday fetch for BCS
2025-12-14 19:22:52,551 [INFO] technic - [data_engine] intraday fetch for NOC
2025-12-14 19:22:52,587 [INFO] technic - [data_engine] intraday fetch for CM
2025-12-14 19:22:52,589 [INFO] technic - [data_engine] intraday fetch for ING
2025-12-14 19:22:52,885 [INFO] technic - [data_engine] intraday fetch for SE
2025-12-14 19:22:53,073 [INFO] technic - [data_engine] intraday fetch for WMB
2025-12-14 19:22:53,089 [INFO] technic - [data_engine] intraday fetch for UPS
2025-12-14 19:22:53,292 [INFO] technic - [data_engine] intraday fetch for TDG
2025-12-14 19:22:53,418 [INFO] technic - [data_engine] intraday fetch for CTAS
2025-12-14 19:22:53,446 [INFO] technic - [data_engine] intraday fetch for ABNB
2025-12-14 19:22:53,557 [INFO] technic - [data_engine] intraday fetch for LYG
2025-12-14 19:22:53,565 [INFO] technic - [data_engine] intraday fetch for RELX

================================================================================
COMPREHENSIVE SCANNER OPTIMIZATION TEST SUITE
Testing Steps 1-4: Caching, Filtering, Redis, Parallel Processing
================================================================================

================================================================================
TEST 1: Cold Scan Performance
================================================================================
[MARKETCACHE WARN] Failed snapshot for 2025-12-15: No grouped daily data returned for 2025-12-15
[MARKETCACHE WARN] Failed snapshot for 2025-11-27: No grouped daily data returned for 2025-11-27
[MARKETCACHE WARN] Failed snapshot for 2025-09-01: No grouped daily data returned for 2025-09-01
[MARKETCACHE] Skipped 46 weekend/holiday snapshots with no data.
[PRICE] polygon_rest: PriceSourceStats(source='polygon_rest_daily', symbol='SPY', days=260, use_intraday=False, bars=183, latency_ms=67.42382049560547, from_cache=False)
[PRICE] polygon_rest: PriceSourceStats(source='polygon_rest_daily', symbol='SPY', days=130, use_intraday=False, bars=93, latency_ms=62.249183654785156, from_cache=False)
[PRICE] polygon_rest: PriceSourceStats(source='polygon_rest_daily', symbol='QQQ', days=130, use_intraday=False, bars=93, latency_ms=70.64986228942871, from_cache=False)
[PRICE] polygon_rest: PriceSourceStats(source='polygon_rest_daily', symbol='SHY', days=130, use_intraday=False, bars=93, latency_ms=66.00332260131836, from_cache=False)
[PRICE] polygon_rest: PriceSourceStats(source='polygon_rest_daily', symbol='TLT', days=130, use_intraday=False, bars=93, latency_ms=72.80087471008301, from_cache=False)
[PRICE] polygon_rest: PriceSourceStats(source='polygon_rest_daily', symbol='IEF', days=130, use_intraday=False, bars=93, latency_ms=73.55713844299316, from_cache=False)
[PRICE] polygon_rest: PriceSourceStats(source='polygon_rest_daily', symbol='TSM', days=90, use_intraday=True, bars=66, latency_ms=79.0247917175293, from_cache=False)
[PRICE] polygon_rest: PriceSourceStats(source='polygon_rest_daily', symbol='SAN', days=90, use_intraday=True, bars=66, latency_ms=109.77864265441895, from_cache=False)
[PRICE] polygon_rest: PriceSourceStats(source='polygon_rest_daily', symbol='ASML', days=90, use_intraday=True, bars=66, latency_ms=181.13112449645996, from_cache=False)
[PRICE] polygon_rest: PriceSourceStats(source='polygon_rest_daily', symbol='XOM', days=90, use_intraday=True, bars=66, latency_ms=198.23598861694336, from_cache=False)
[PRICE] polygon_rest: PriceSourceStats(source='polygon_rest_daily', symbol='MS', days=90, use_intraday=True, bars=66, latency_ms=188.7838840484619, from_cache=False)
[PRICE] polygon_rest: PriceSourceStats(source='polygon_rest_daily', symbol='MA', days=90, use_intraday=True, bars=66, latency_ms=219.59567070007324, from_cache=False)
[PRICE] polygon_rest: PriceSourceStats(source='polygon_rest_daily', symbol='HDB', days=90, use_intraday=True, bars=66, latency_ms=206.36224746704102, from_cache=False)
[PRICE] polygon_rest: PriceSourceStats(source='polygon_rest_daily', symbol='TMO', days=90, use_intraday=True, bars=66, latency_ms=218.65034103393555, from_cache=False)
[PRICE] polygon_rest: PriceSourceStats(source='polygon_rest_daily', symbol='V', days=90, use_intraday=True, bars=66, latency_ms=268.07284355163574, from_cache=False)
[PRICE] polygon_rest: PriceSourceStats(source='polygon_rest_daily', symbol='MUFG', days=90, use_intraday=True, bars=66, latency_ms=226.77278518676758, from_cache=False)
[PRICE] polygon_rest: PriceSourceStats(source='polygon_rest_daily', symbol='NFLX', days=90, use_intraday=True, bars=66, latency_ms=285.02631187438965, from_cache=False)
[PRICE] polygon_rest: PriceSourceStats(source='polygon_rest_daily', symbol='ACN', days=90, use_intraday=True, bars=66, latency_ms=239.20011520385742, from_cache=False)
[PRICE] polygon_rest: PriceSourceStats(source='polygon_rest_daily', symbol='T', days=90, use_intraday=True, bars=66, latency_ms=249.23324584960938, from_cache=False)
[PRICE] polygon_rest: PriceSourceStats(source='polygon_rest_daily', symbol='RY', days=90, use_intraday=True, bars=66, latency_ms=275.88438987731934, from_cache=False)
[PRICE] polygon_rest: PriceSourceStats(source='polygon_rest_daily', symbol='PDD', days=90, use_intraday=True, bars=66, latency_ms=271.08049392700195, from_cache=False)
[PRICE] polygon_rest: PriceSourceStats(source='polygon_rest_daily', symbol='NVS', days=90, use_intraday=True, bars=66, latency_ms=299.6809482574463, from_cache=False)
[PRICE] polygon_rest: PriceSourceStats(source='polygon_rest_daily', symbol='GS', days=90, use_intraday=True, bars=66, latency_ms=308.4299564361572, from_cache=False)
[PRICE] polygon_rest: PriceSourceStats(source='polygon_rest_daily', symbol='CAT', days=90, use_intraday=True, bars=66, latency_ms=343.9645767211914, from_cache=False)
[PRICE] polygon_rest: PriceSourceStats(source='polygon_rest_daily', symbol='CVX', days=90, use_intraday=True, bars=66, latency_ms=353.00540924072266, from_cache=False)
[PRICE] polygon_rest: PriceSourceStats(source='polygon_rest_daily', symbol='BLK', days=90, use_intraday=True, bars=66, latency_ms=310.3349208831787, from_cache=False)
[PRICE] polygon_rest: PriceSourceStats(source='polygon_rest_daily', symbol='BKNG', days=90, use_intraday=True, bars=66, latency_ms=316.79630279541016, from_cache=False)
[PRICE] polygon_rest: PriceSourceStats(source='polygon_rest_daily', symbol='NVO', days=90, use_intraday=True, bars=66, latency_ms=335.7691764831543, from_cache=False)
[PRICE] polygon_rest: PriceSourceStats(source='polygon_rest_daily', symbol='SAP', days=90, use_intraday=True, bars=66, latency_ms=362.8571033477783, from_cache=False)
[PRICE] polygon_rest: PriceSourceStats(source='polygon_rest_daily', symbol='TMUS', days=90, use_intraday=True, bars=66, latency_ms=357.18822479248047, from_cache=False)
[PRICE] polygon_rest: PriceSourceStats(source='polygon_rest_daily', symbol='RTX', days=90, use_intraday=True, bars=66, latency_ms=362.89215087890625, from_cache=False)
[PRICE] polygon_rest: PriceSourceStats(source='polygon_rest_daily', symbol='BABA', days=90, use_intraday=True, bars=66, latency_ms=394.9120044708252, from_cache=False)
[PRICE] polygon_rest: PriceSourceStats(source='polygon_rest_daily', symbol='HSBC', days=90, use_intraday=True, bars=66, latency_ms=386.95287704467773, from_cache=False)
[PRICE] polygon_rest: PriceSourceStats(source='polygon_rest_daily', symbol='SHEL', days=90, use_intraday=True, bars=66, latency_ms=384.22250747680664, from_cache=False)
[PRICE] polygon_rest: PriceSourceStats(source='polygon_rest_daily', symbol='LRCX', days=90, use_intraday=True, bars=66, latency_ms=399.63722229003906, from_cache=False)
[PRICE] polygon_rest: PriceSourceStats(source='polygon_rest_daily', symbol='AZN', days=90, use_intraday=True, bars=66, latency_ms=461.00544929504395, from_cache=False)
[PRICE] polygon_rest: PriceSourceStats(source='polygon_rest_daily', symbol='TM', days=90, use_intraday=True, bars=66, latency_ms=465.010404586792, from_cache=False)
[PRICE] polygon_rest: PriceSourceStats(source='polygon_rest_daily', symbol='SONY', days=90, use_intraday=True, bars=66, latency_ms=429.243803024292, from_cache=False)
[PRICE] polygon_rest: PriceSourceStats(source='polygon_rest_daily', symbol='KLAC', days=90, use_intraday=True, bars=66, latency_ms=507.97271728515625, from_cache=False)
[PRICE] polygon_rest: PriceSourceStats(source='polygon_rest_daily', symbol='BA', days=90, use_intraday=True, bars=66, latency_ms=403.57446670532227, from_cache=False)
[PRICE] polygon_rest: PriceSourceStats(source='polygon_rest_daily', symbol='TD', days=90, use_intraday=True, bars=66, latency_ms=419.65317726135254, from_cache=False)
[PRICE] polygon_rest: PriceSourceStats(source='polygon_rest_daily', symbol='TTE', days=90, use_intraday=True, bars=66, latency_ms=390.8987045288086, from_cache=False)
[PRICE] polygon_rest: PriceSourceStats(source='polygon_rest_daily', symbol='ARM', days=90, use_intraday=True, bars=66, latency_ms=710.1485729217529, from_cache=False)
2025-12-14 19:22:53,589 [INFO] technic - [data_engine] intraday fetch for NGG
2025-12-14 19:22:53,659 [INFO] technic - [data_engine] intraday fetch for EPD
2025-12-14 19:22:53,666 [INFO] technic - [data_engine] intraday fetch for RACE
2025-12-14 19:22:53,747 [INFO] technic - [data_engine] intraday fetch for CNQ
2025-12-14 19:22:53,765 [INFO] technic - [data_engine] intraday fetch for INFY
2025-12-14 19:22:53,865 [INFO] technic - [data_engine] intraday fetch for JCI
2025-12-14 19:22:53,876 [INFO] technic - [data_engine] intraday fetch for DB
2025-12-14 19:22:54,216 [INFO] technic - [data_engine] intraday fetch for CMI
2025-12-14 19:22:54,437 [INFO] technic - [data_engine] intraday fetch for CSX
2025-12-14 19:22:54,447 [INFO] technic - [data_engine] intraday fetch for WBD
2025-12-14 19:22:54,568 [INFO] technic - [data_engine] intraday fetch for NWG
2025-12-14 19:22:54,616 [INFO] technic - [data_engine] intraday fetch for B
2025-12-14 19:22:54,702 [INFO] technic - [data_engine] intraday fetch for RSG
2025-12-14 19:22:54,716 [INFO] technic - [data_engine] intraday fetch for CP
2025-12-14 19:22:55,008 [INFO] technic - [data_engine] intraday fetch for FDX
2025-12-14 19:22:55,016 [INFO] technic - [data_engine] intraday fetch for NSC
2025-12-14 19:22:56,684 [INFO] technic - [SCAN PERF] symbol engine: 100 symbols via threadpool in 43.43s (0.434s/symbol, max_workers=32, use_ray=False)
2025-12-14 19:22:56,695 [INFO] technic - [SCAN STATS] attempted=100, kept=100, errors=0, rejected=0
2025-12-14 19:22:56,696 [INFO] technic - [ALPHA] settings: use_ml_alpha=True use_meta_alpha=False alpha_weight=0.35
2025-12-14 19:22:56,706 [INFO] technic - [ALPHA] loading XGB bundle from models\alpha\xgb_v2_2025_roll_UNKNOWN.pkl
2025-12-14 19:22:56,863 [INFO] technic - [ALPHA] 5d_xgb_v2_2025_roll_UNKNOWN XGB prediction succeeded, first few=[-0.08574039 -0.08574039 -0.00230792 -0.00230792]
2025-12-14 19:22:56,866 [INFO] technic - [ALPHA] loading XGB bundle from models\alpha\xgb_v2_2025_roll_UNKNOWN.pkl
2025-12-14 19:22:56,883 [INFO] technic - [ALPHA] 5d_xgb_v2_2025_roll_UNKNOWN XGB prediction succeeded, first few=[-0.00230792 -0.00230792 -0.00230792 -0.00230792 -0.00230792]
2025-12-14 19:22:56,886 [INFO] technic - [ALPHA] loading XGB bundle from models\alpha\xgb_v2_2025_roll_UNKNOWN.pkl
2025-12-14 19:22:56,904 [INFO] technic - [ALPHA] 5d_xgb_v2_2025_roll_UNKNOWN XGB prediction succeeded, first few=[-0.00230792 -0.00230792 -0.00230792 -0.00230792  0.02614237]
2025-12-14 19:22:56,908 [INFO] technic - [ALPHA] score_alpha_10d called with shape=(100, 85) columns=['Close', 'Open', 'High', 'Low', 'Volume', 'ATR14_pct', 'ATR14', 'TrendScore', 'MomentumScore', 
'VolumeScore', 'VolatilityScore', 'OscillatorScore', 'BreakoutScore', 'ExplosivenessScore', 'RiskScore', 'risk_score', 'IsUltraRisky', 'TechRating_raw', 'TechRating', 'AlphaScore', 'TradeType', 
'Symbol', 'market_cap', 'Sector', 'Industry', 'SubIndustry', 'Symbol', 'rating_score', 'rating_recommendation', 'rating_date', 'pt_avg', 'pt_high', 'pt_low', 'pt_median', 'pt_count', 'pt_currency', 
'pt_updated', 'sector', 'QualityScore', 'piotroski_score', 'altman_z', 'roe_sector_pct', 'roa_sector_pct', 'gross_margin_sector_pct', 'operating_margin_sector_pct', 'net_margin_sector_pct', 
'fcf_yield_sector_pct', 'net_debt_ebitda_sector_pct', 'interest_coverage_sector_pct', 'netDebtToEBITDATTM', 'interestCoverageRatioTTM', 'freeCashFlowYieldTTM', 'returnOnEquityTTM', 
'returnOnAssetsTTM', 'grossProfitMarginTTM', 'operatingProfitMarginTTM', 'netProfitMarginTTM', 'fundamental_trend_score', 'growthRevenue', 'growthEPS', 'growthEBITDA', 'growthOperatingIncome', 
'growthGrossProfitRatio', 'etf_holder_count', 'etf_weight_sum_pct', 'etf_holder_count_etf', 'etf_weight_max_pct', 'inst_holder_count', 'SponsorshipScore', 'has_recent_insider_buy', 
'has_heavy_insider_sell', 'Signal', 'factor_alpha', 'regime_trend_TRENDING_UP', 'regime_trend_TRENDING_DOWN', 'regime_trend_SIDEWAYS', 'regime_vol_HIGH_VOL', 'regime_vol_LOW_VOL', 'Alpha5d', 
'Alpha10d', 'AlphaScore_5d', 'AlphaScore_10d', 'ml_alpha_5d_z', 'ml_alpha_10d_z', 'ml_alpha_z']
2025-12-14 19:22:56,909 [INFO] technic - [ALPHA] loading XGB bundle from models/alpha/xgb_v2_10d.pkl
2025-12-14 19:22:56,932 [INFO] technic - [ALPHA] 10d XGB prediction succeeded, first few=[-0.021396   -0.0273171  -0.00150861 -0.02865364 -0.09958563]
2025-12-14 19:22:56,947 [INFO] technic - [ALPHA] ML alpha (5d+10d) blended with w5=0.40, w10=0.60
2025-12-14 19:22:56,949 [INFO] technic - [ALPHA] blended factor + ML with TECHNIC_ALPHA_WEIGHT=0.35
2025-12-14 19:22:56,981 [INFO] technic - [FILTER] 92 symbols after min_tech_rating >= 0.0 (from 100).
2025-12-14 19:22:57,153 [WARNING] technic - [MERIT] Failed to compute MERIT Score: list index out of range
Traceback (most recent call last):
  File "C:\Users\ccres\OneDrive\Desktop\technic-clean\technic_v4\scanner_core.py", line 1808, in _finalize_results
    results_df = compute_merit(results_df, regime=regime_tags)
  File "C:\Users\ccres\OneDrive\Desktop\technic-clean\technic_v4\engine\merit_engine.py", line 331, in compute_merit
    flags_list[i].append('ULTRA_RISK')
IndexError: list index out of range
2025-12-14 19:22:57,174 [INFO] technic - [OUTPUT] Wrote 5 ultra-risky runners to C:\Users\ccres\OneDrive\Desktop\technic-clean\technic_v4\scanner_output\technic_runners.csv
2025-12-14 19:22:57,865 [INFO] technic - [META] loaded meta experience from data\training_data_v2.parquet
2025-12-14 19:22:57,940 [INFO] technic - === FILTER SUMMARY ===
2025-12-14 19:22:57,940 [INFO] technic - Remaining symbols: 11
2025-12-14 19:22:57,940 [INFO] technic - Min price: 22.63
2025-12-14 19:22:57,941 [INFO] technic - Min dollar volume: 34284337
2025-12-14 19:22:57,941 [INFO] technic - Max ATR%: 0.0183
2025-12-14 19:22:57,941 [INFO] technic - =====================
2025-12-14 19:22:57,946 [INFO] technic - [OUTPUT] Wrote historical snapshot to: C:\Users\ccres\OneDrive\Desktop\technic-clean\technic_v4\scanner_output\history\scan_2025-12-15.csv
2025-12-14 19:22:57,952 [INFO] technic - [OUTPUT] Wrote scan results to: C:\Users\ccres\OneDrive\Desktop\technic-clean\technic_v4\scanner_output\technic_scan_results.csv
2025-12-14 19:22:57,957 [INFO] technic - [LOG] appended top recommendations to logs\recommendations.csv
2025-12-14 19:22:57,964 [INFO] technic - Finished scan in 54.02s (11 results)
[PRICE] polygon_rest: PriceSourceStats(source='polygon_rest_daily', symbol='BHP', days=90, use_intraday=True, bars=66, latency_ms=644.5653438568115, from_cache=False)
[PRICE] polygon_rest: PriceSourceStats(source='polygon_rest_daily', symbol='ETN', days=90, use_intraday=True, bars=66, latency_ms=596.3778495788574, from_cache=False)
[PRICE] polygon_rest: PriceSourceStats(source='polygon_rest_daily', symbol='UBS', days=90, use_intraday=True, bars=66, latency_ms=546.9279289245605, from_cache=False)
[PRICE] polygon_rest: PriceSourceStats(source='polygon_rest_daily', symbol='UNP', days=90, use_intraday=True, bars=66, latency_ms=734.3897819519043, from_cache=False)
[PRICE] polygon_rest: PriceSourceStats(source='polygon_rest_daily', symbol='BBVA', days=90, use_intraday=True, bars=66, latency_ms=493.3512210845947, from_cache=False)
[PRICE] polygon_rest: PriceSourceStats(source='polygon_rest_daily', symbol='DE', days=90, use_intraday=True, bars=66, latency_ms=677.7079105377197, from_cache=False)
[PRICE] polygon_rest: PriceSourceStats(source='polygon_rest_daily', symbol='UL', days=90, use_intraday=True, bars=66, latency_ms=416.08381271362305, from_cache=False)
[PRICE] polygon_rest: PriceSourceStats(source='polygon_rest_daily', symbol='SMFG', days=90, use_intraday=True, bars=66, latency_ms=403.55753898620605, from_cache=False)
[PRICE] polygon_rest: PriceSourceStats(source='polygon_rest_daily', symbol='HON', days=90, use_intraday=True, bars=66, latency_ms=630.8534145355225, from_cache=False)
[PRICE] polygon_rest: PriceSourceStats(source='polygon_rest_daily', symbol='RIO', days=90, use_intraday=True, bars=66, latency_ms=430.24230003356934, from_cache=False)
[PRICE] polygon_rest: PriceSourceStats(source='polygon_rest_daily', symbol='BUD', days=90, use_intraday=True, bars=66, latency_ms=402.6527404785156, from_cache=False)
[PRICE] polygon_rest: PriceSourceStats(source='polygon_rest_daily', symbol='HOOD', days=90, use_intraday=True, bars=66, latency_ms=828.073263168335, from_cache=False)
[PRICE] polygon_rest: PriceSourceStats(source='polygon_rest_daily', symbol='BTI', days=90, use_intraday=True, bars=66, latency_ms=986.6971969604492, from_cache=False)
[PRICE] polygon_rest: PriceSourceStats(source='polygon_rest_daily', symbol='SPOT', days=90, use_intraday=True, bars=66, latency_ms=565.7234191894531, from_cache=False)
[PRICE] polygon_rest: PriceSourceStats(source='polygon_rest_daily', symbol='SNY', days=90, use_intraday=True, bars=66, latency_ms=377.66528129577637, from_cache=False)
[PRICE] polygon_rest: PriceSourceStats(source='polygon_rest_daily', symbol='LMT', days=90, use_intraday=True, bars=66, latency_ms=481.8861484527588, from_cache=False)
[PRICE] polygon_rest: PriceSourceStats(source='polygon_rest_daily', symbol='MELI', days=90, use_intraday=True, bars=66, latency_ms=422.6071834564209, from_cache=False)
[PRICE] polygon_rest: PriceSourceStats(source='polygon_rest_daily', symbol='COP', days=90, use_intraday=True, bars=66, latency_ms=737.0474338531494, from_cache=False)
[PRICE] polygon_rest: PriceSourceStats(source='polygon_rest_daily', symbol='ENB', days=90, use_intraday=True, bars=66, latency_ms=773.9689350128174, from_cache=False)
[PRICE] polygon_rest: PriceSourceStats(source='polygon_rest_daily', symbol='IBN', days=90, use_intraday=True, bars=66, latency_ms=1086.3378047943115, from_cache=False)
[PRICE] polygon_rest: PriceSourceStats(source='polygon_rest_daily', symbol='MCK', days=90, use_intraday=True, bars=66, latency_ms=744.2920207977295, from_cache=False)
[PRICE] polygon_rest: PriceSourceStats(source='polygon_rest_daily', symbol='CME', days=90, use_intraday=True, bars=66, latency_ms=462.59355545043945, from_cache=False)
[PRICE] polygon_rest: PriceSourceStats(source='polygon_rest_daily', symbol='GSK', days=90, use_intraday=True, bars=66, latency_ms=832.2062492370605, from_cache=False)
[PRICE] polygon_rest: PriceSourceStats(source='polygon_rest_daily', symbol='DASH', days=90, use_intraday=True, bars=66, latency_ms=568.2752132415771, from_cache=False)
[PRICE] polygon_rest: PriceSourceStats(source='polygon_rest_daily', symbol='CMCSA', days=90, use_intraday=True, bars=66, latency_ms=703.3534049987793, from_cache=False)
[PRICE] polygon_rest: PriceSourceStats(source='polygon_rest_daily', symbol='BP', days=90, use_intraday=True, bars=66, latency_ms=644.0644264221191, from_cache=False)
[PRICE] polygon_rest: PriceSourceStats(source='polygon_rest_daily', symbol='BN', days=90, use_intraday=True, bars=66, latency_ms=1223.3843803405762, from_cache=False)
[PRICE] polygon_rest: PriceSourceStats(source='polygon_rest_daily', symbol='ICE', days=90, use_intraday=True, bars=66, latency_ms=875.5683898925781, from_cache=False)
[PRICE] polygon_rest: PriceSourceStats(source='polygon_rest_daily', symbol='GD', days=90, use_intraday=True, bars=66, latency_ms=1195.2009201049805, from_cache=False)
[PRICE] polygon_rest: PriceSourceStats(source='polygon_rest_daily', symbol='CRH', days=90, use_intraday=True, bars=66, latency_ms=860.6741428375244, from_cache=False)
[PRICE] polygon_rest: PriceSourceStats(source='polygon_rest_daily', symbol='MFG', days=90, use_intraday=True, bars=66, latency_ms=1387.4714374542236, from_cache=False)
[PRICE] polygon_rest: PriceSourceStats(source='polygon_rest_daily', symbol='NTES', days=90, use_intraday=True, bars=66, latency_ms=1040.1809215545654, from_cache=False)
[PRICE] polygon_rest: PriceSourceStats(source='polygon_rest_daily', symbol='AEM', days=90, use_intraday=True, bars=66, latency_ms=1103.6603450775146, from_cache=False)
[PRICE] polygon_rest: PriceSourceStats(source='polygon_rest_daily', symbol='ITUB', days=90, use_intraday=True, bars=66, latency_ms=680.6666851043701, from_cache=False)
[PRICE] polygon_rest: PriceSourceStats(source='polygon_rest_daily', symbol='WM', days=90, use_intraday=True, bars=66, latency_ms=1515.8841609954834, from_cache=False)
[PRICE] polygon_rest: PriceSourceStats(source='polygon_rest_daily', symbol='BCS', days=90, use_intraday=True, bars=66, latency_ms=747.736930847168, from_cache=False)
[PRICE] polygon_rest: PriceSourceStats(source='polygon_rest_daily', symbol='NOC', days=90, use_intraday=True, bars=66, latency_ms=742.7136898040771, from_cache=False)
[PRICE] polygon_rest: PriceSourceStats(source='polygon_rest_daily', symbol='CM', days=90, use_intraday=True, bars=66, latency_ms=1320.4755783081055, from_cache=False)
[PRICE] polygon_rest: PriceSourceStats(source='polygon_rest_daily', symbol='ING', days=90, use_intraday=True, bars=66, latency_ms=716.7255878448486, from_cache=False)
[PRICE] polygon_rest: PriceSourceStats(source='polygon_rest_daily', symbol='SE', days=90, use_intraday=True, bars=66, latency_ms=1007.422685623169, from_cache=False)
[PRICE] polygon_rest: PriceSourceStats(source='polygon_rest_daily', symbol='WMB', days=90, use_intraday=True, bars=66, latency_ms=740.105152130127, from_cache=False)
[PRICE] polygon_rest: PriceSourceStats(source='polygon_rest_daily', symbol='UPS', days=90, use_intraday=True, bars=66, latency_ms=1346.4455604553223, from_cache=False)
[PRICE] polygon_rest: PriceSourceStats(source='polygon_rest_daily', symbol='TDG', days=90, use_intraday=True, bars=66, latency_ms=1014.6114826202393, from_cache=False)
[PRICE] polygon_rest: PriceSourceStats(source='polygon_rest_daily', symbol='CTAS', days=90, use_intraday=True, bars=66, latency_ms=741.0604953765869, from_cache=False)
[PRICE] polygon_rest: PriceSourceStats(source='polygon_rest_daily', symbol='ABNB', days=90, use_intraday=True, bars=66, latency_ms=830.9810161590576, from_cache=False)
[PRICE] polygon_rest: PriceSourceStats(source='polygon_rest_daily', symbol='LYG', days=90, use_intraday=True, bars=66, latency_ms=1024.7669219970703, from_cache=False)
[PRICE] polygon_rest: PriceSourceStats(source='polygon_rest_daily', symbol='RELX', days=90, use_intraday=True, bars=66, latency_ms=551.673173904419, from_cache=False)
[PRICE] polygon_rest: PriceSourceStats(source='polygon_rest_daily', symbol='NGG', days=90, use_intraday=True, bars=66, latency_ms=1177.3054599761963, from_cache=False)
[PRICE] polygon_rest: PriceSourceStats(source='polygon_rest_daily', symbol='INFY', days=90, use_intraday=True, bars=66, latency_ms=715.8255577087402, from_cache=False)
[PRICE] polygon_rest: PriceSourceStats(source='polygon_rest_daily', symbol='JCI', days=90, use_intraday=True, bars=66, latency_ms=659.3749523162842, from_cache=False)
[PRICE] polygon_rest: PriceSourceStats(source='polygon_rest_daily', symbol='DB', days=90, use_intraday=True, bars=66, latency_ms=675.4662990570068, from_cache=False)
[PRICE] polygon_rest: PriceSourceStats(source='polygon_rest_daily', symbol='CMI', days=90, use_intraday=True, bars=66, latency_ms=969.3989753723145, from_cache=False)
[PRICE] polygon_rest: PriceSourceStats(source='polygon_rest_daily', symbol='CSX', days=90, use_intraday=True, bars=66, latency_ms=1003.7226676940918, from_cache=False)
[PRICE] polygon_rest: PriceSourceStats(source='polygon_rest_daily', symbol='WBD', days=90, use_intraday=True, bars=66, latency_ms=777.1902084350586, from_cache=False)
[PRICE] polygon_rest: PriceSourceStats(source='polygon_rest_daily', symbol='NWG', days=90, use_intraday=True, bars=66, latency_ms=667.4964427947998, from_cache=False)
[PRICE] polygon_rest: PriceSourceStats(source='polygon_rest_daily', symbol='B', days=90, use_intraday=True, bars=66, latency_ms=1158.5693359375, from_cache=False)
[PRICE] polygon_rest: PriceSourceStats(source='polygon_rest_daily', symbol='RSG', days=90, use_intraday=True, bars=66, latency_ms=629.1310787200928, from_cache=False)
[PRICE] polygon_rest: PriceSourceStats(source='polygon_rest_daily', symbol='CP', days=90, use_intraday=True, bars=66, latency_ms=907.8981876373291, from_cache=False)
[PRICE] polygon_rest: PriceSourceStats(source='polygon_rest_daily', symbol='FDX', days=90, use_intraday=True, bars=66, latency_ms=783.134937286377, from_cache=False)
[PRICE] polygon_rest: PriceSourceStats(source='polygon_rest_daily', symbol='NSC', days=90, use_intraday=True, bars=66, latency_ms=979.7308444976807, from_cache=False)
µ¡  ≡╪áú¡  0elµ¡  p╗╦╝¡  ░σáú¡  ░$ê╝¡  ≡dlµ¡  0Σáú¡  0elµ¡  p╔áú¡  ░î╝¡  ≡dlµ¡  pî╝¡  ░φáú¡  0elµ¡  p╗╦╝¡  ≡╚áú¡  ≡dlµ¡  0D=µ¡  ░$ê╝¡  ≡dlµ¡  0■áú¡  0elµ¡  0┬σ¡  ≡dlµ¡  ≡÷áú¡  0elµ¡  p╗╦╝¡  p╗╦╝¡  ≡╞áú¡  ≡dlµ¡  p▓¢¢¡  ░$ê╝¡  ░$ê╝¡  ≡dlµ¡  ≡é¢¢¡  0elµ¡  ≡╝¢¢¡  ≡dlµ¡  pö¢¢¡  0elµ¡  p╗╦╝¡  ≡¢¢¢¡  ░$ê╝¡  ≡dlµ¡  pÿ¢¢¡  0elµ¡  0║¢¢¡  ░î╝¡  ≡dlµ¡  pî╝¡  ░¿¢¢¡  0elµ¡  )
register_debug_prims()
 l composed of
several input planes.

Traceback (most recent call last):
  File "C:\Users\ccres\OneDrive\Desktop\technic-clean\test_scanner_optimization_thorough.py", line 94, in test_1_cold_scan_performance
    results.add_result(
  File "C:\Users\ccres\OneDrive\Desktop\technic-clean\test_scanner_optimization_thorough.py", line 43, in add_result
    print(f"{status:8} {test_name:40} - {message}")
  File "C:\Users\ccres\AppData\Local\Programs\Python\Python310\lib\encodings\cp1252.py", line 19, in encode
    return codecs.charmap_encode(input,self.errors,encoding_table)[0]
UnicodeEncodeError: 'charmap' codec can't encode character '\u2717' in position 0: character maps to <undefined>

During handling of the above exception, another exception occurred:

Traceback (most recent call last):
  File "C:\Users\ccres\OneDrive\Desktop\technic-clean\test_scanner_optimization_thorough.py", line 541, in <module>
    sys.exit(main())
  File "C:\Users\ccres\OneDrive\Desktop\technic-clean\test_scanner_optimization_thorough.py", line 516, in main
    cold_time, expected_results = test_1_cold_scan_performance(results)
  File "C:\Users\ccres\OneDrive\Desktop\technic-clean\test_scanner_optimization_thorough.py", line 110, in test_1_cold_scan_performance
    results.add_result("Cold Scan Performance", False, f"Error: {str(e)}")
  File "C:\Users\ccres\OneDrive\Desktop\technic-clean\test_scanner_optimization_thorough.py", line 43, in add_result
    print(f"{status:8} {test_name:40} - {message}")
  File "C:\Users\ccres\AppData\Local\Programs\Python\Python310\lib\encodings\cp1252.py", line 19, in encode
    return codecs.charmap_encode(input,self.errors,encoding_table)[0]
UnicodeEncodeError: 'charmap' codec can't encode character '\u2717' in position 0: character maps to <undefined>
See :class:`~torch.
